Declaration of variable in Python:

# Can initialise multiple variables in python

>>> a=10
>>> b=20
>>> 
>>> a
10
>>> b
20
>>> 
>>> a=b=10
>>> a
10
>>> b
10
>>> 
>>> x,y,z,r,s,t=1,2,3,4,5
Traceback (most recent call last):
  File "<stdin>", line 1, in <module>
ValueError: not enough values to unpack (expected 6, got 5)
>>> 
>>> x,y,z,r,s,t=1,2,3,4,5,6
>>> 
>>> x,y,z,r,s,t
(1, 2, 3, 4, 5, 6)
>>> 
