// DECLARATION OF VARIABLE IN PYTHON

>>> x=10
>>> y=20
>>> x
10
>>> y
20
>>> x=y=10
>>> x
10
>>> y
10
>>> 
>>> x,y,z,r,s,t=10,20,30,40,50
Traceback (most recent call last):
  File "<stdin>", line 1, in <module>
ValueError: not enough values to unpack (expected 6, got 5)
>>> 
>>> x,y,z,r,s,t=10,20,30,40,50,2
>>> x
10
>>> y
20
>>> r
40
>>> 

